../Drivers/STM32L0xx_HAL_Driver/Inc/stm32l0xx_ll_adc.h:3356:22:LL_ADC_Enable	1
../Drivers/STM32L0xx_HAL_Driver/Inc/stm32l0xx_ll_adc.h:3395:26:LL_ADC_IsEnabled	1
../Drivers/STM32L0xx_HAL_Driver/Inc/stm32l0xx_ll_adc.h:3483:22:LL_ADC_REG_StartConversion	1
../Drivers/STM32L0xx_HAL_Driver/Inc/stm32l0xx_ll_adc.h:3558:26:LL_ADC_REG_ReadConversionData12	1
../Drivers/STM32L0xx_HAL_Driver/Inc/stm32l0xx_ll_adc.h:3625:26:LL_ADC_IsActiveFlag_ADRDY	1
../Drivers/STM32L0xx_HAL_Driver/Inc/stm32l0xx_ll_adc.h:3636:26:LL_ADC_IsActiveFlag_EOC	1
../Drivers/STM32L0xx_HAL_Driver/Inc/stm32l0xx_ll_rcc.h:780:22:LL_RCC_HSI_Enable	1
../Drivers/STM32L0xx_HAL_Driver/Inc/stm32l0xx_ll_rcc.h:800:26:LL_RCC_HSI_IsReady	2
../Drivers/STM32L0xx_HAL_Driver/Inc/stm32l0xx_ll_rcc.h:891:22:LL_RCC_HSI_SetCalibTrimming	1
../Drivers/STM32L0xx_HAL_Driver/Inc/stm32l0xx_ll_rcc.h:1273:22:LL_RCC_SetSysClkSource	1
../Drivers/STM32L0xx_HAL_Driver/Inc/stm32l0xx_ll_rcc.h:1287:26:LL_RCC_GetSysClkSource	1
../Drivers/STM32L0xx_HAL_Driver/Inc/stm32l0xx_ll_rcc.h:1307:22:LL_RCC_SetAHBPrescaler	1
../Drivers/STM32L0xx_HAL_Driver/Inc/stm32l0xx_ll_rcc.h:1323:22:LL_RCC_SetAPB1Prescaler	1
../Drivers/STM32L0xx_HAL_Driver/Inc/stm32l0xx_ll_rcc.h:1339:22:LL_RCC_SetAPB2Prescaler	1
../Drivers/STM32L0xx_HAL_Driver/Inc/stm32l0xx_ll_rcc.h:1479:22:LL_RCC_SetUSARTClockSource	1
../Drivers/STM32L0xx_HAL_Driver/Inc/stm32l0xx_ll_bus.h:438:22:LL_APB1_GRP1_EnableClock	1
../Drivers/STM32L0xx_HAL_Driver/Inc/stm32l0xx_ll_bus.h:784:22:LL_APB2_GRP1_EnableClock	1
../Drivers/STM32L0xx_HAL_Driver/Inc/stm32l0xx_ll_system.h:913:22:LL_FLASH_SetLatency	1
../Drivers/STM32L0xx_HAL_Driver/Inc/stm32l0xx_ll_system.h:925:26:LL_FLASH_GetLatency	1
../Drivers/STM32L0xx_HAL_Driver/Inc/stm32l0xx_ll_pwr.h:271:22:LL_PWR_SetRegulVoltageScaling	1
../Drivers/STM32L0xx_HAL_Driver/Inc/stm32l0xx_ll_pwr.h:678:26:LL_PWR_IsActiveFlag_VOS	1
../Drivers/STM32L0xx_HAL_Driver/Inc/stm32l0xx_ll_tim.h:901:22:LL_TIM_EnableCounter	1
../Drivers/STM32L0xx_HAL_Driver/Inc/stm32l0xx_ll_tim.h:1281:22:LL_TIM_CC_EnableChannel	1
../Drivers/STM32L0xx_HAL_Driver/Inc/stm32l0xx_ll_tim.h:1678:22:LL_TIM_OC_SetCompareCH1	1
../Drivers/STM32L0xx_HAL_Driver/Inc/stm32l0xx_ll_tim.h:1692:22:LL_TIM_OC_SetCompareCH2	1
../Drivers/STM32L0xx_HAL_Driver/Inc/stm32l0xx_ll_usart.h:2635:26:LL_USART_IsActiveFlag_TXE	2
../Drivers/STM32L0xx_HAL_Driver/Inc/stm32l0xx_ll_usart.h:3001:22:LL_USART_EnableIT_RXNE	1
../Drivers/STM32L0xx_HAL_Driver/Inc/stm32l0xx_ll_usart.h:3632:22:LL_USART_TransmitData8	1
../Drivers/STM32L0xx_HAL_Driver/Inc/stm32l0xx_ll_gpio.h:762:26:LL_GPIO_IsInputPinSet	1
../Core/Src/main.c:100:5:main	7
../Core/Src/main.c:179:6:SystemClock_Config	5
../Core/Src/main.c:223:5:_write	3
../Core/Src/main.c:235:6:TraiterCommandePC	7
../Core/Src/main.c:262:6:EteindreToutesLesLeds	1
../Core/Src/main.c:274:6:AllumerLed	8
../Core/Src/main.c:295:5:LireBoutonAppuye	5
../Core/Src/main.c:306:6:RunMenuMode	10
../Core/Src/main.c:346:6:RunReflexGame	12
../Core/Src/main.c:408:6:RunMemoryGame	14
../Core/Src/main.c:473:6:RunGameOver	4
../Core/Src/main.c:489:10:ReadPotentiometer	6
../Core/Src/main.c:516:6:Error_Handler	1
